// Jest Snapshot v1, https://goo.gl/fbAQLP

exports[`matches snapshot 1`] = `
<DocumentFragment>
  <div
    class="Header__HeaderContaier-sc-1c6lzu5-0 juFbtD"
  >
    <img
      alt="logo"
      height="35"
      loading="lazy"
      src="https://tailwindui.com/img/logos/workflow-logo-indigo-600-mark-gray-800-text.svg"
      width="126"
    />
  </div>
</DocumentFragment>
`;
