// Jest Snapshot v1, https://goo.gl/fbAQLP

exports[`PageHeaderStyle should render PageHeaderStyle snapshot 1`] = `
<DocumentFragment>
  .c0 {
  color: #828282;
  background: #d7d9da;
  padding: 15px 25px;
  border-radius: 2px;
  box-shadow: rgba(128,128,128,0.1);
  font-weight: 600;
  font-size: 13px;
}

.c0:focus {
  outline: none;
}

.c1 {
  color: #fff;
  background: #1890FF;
  padding: 15px 25px;
  border-radius: 2px;
  box-shadow: rgba(128,128,128,0.1);
  font-weight: 600;
  font-size: 13px;
}

.c1:focus {
  outline: none;
}

<div
    class="justify-between flex
flex-row"
  >
    <h1
      class="font-bold
text-3xl"
    >
      hello
    </h1>
    <div
      class="flex flex-row justify-start space-x-5"
    >
      <button
        class="c0"
        color="primary"
      >
        <a
          href="/sites/1234/pages"
        >
           Cancel
        </a>
      </button>
      <button
        class="c1"
        color="secondary"
        type="submit"
      >
        Save & Publish
      </button>
    </div>
  </div>
</DocumentFragment>
`;
