// Jest Snapshot v1, https://goo.gl/fbAQLP

exports[`Login page matches snapshot 1`] = `
<DocumentFragment>
  <div
    class="login__Container-sc-7sqdhs-0 jJppaL"
  >
    <div
      class="Header__HeaderContaier-sc-1c6lzu5-0 juFbtD"
    >
      <img
        alt="logo"
        height="35"
        loading="lazy"
        src="https://tailwindui.com/img/logos/workflow-logo-indigo-600-mark-gray-800-text.svg"
        width="126"
      />
    </div>
    <div
      class="login__LoginContainer-sc-7sqdhs-2 cZDOiB"
    >
      <div
        class="login__TitleContainer-sc-7sqdhs-1 jtRcnj"
      >
        <h1
          class="login__Title-sc-7sqdhs-3 hMAMZS"
        >
          Sign in
        </h1>
        <h1
          class="login__Title-sc-7sqdhs-3 hMAMZS"
        >
          with Qaltrak
        </h1>
      </div>
      <a
        href="/api/auth/login"
      >
        <button
          aria-label="Login Button"
          class="Button-sc-13zys56-0 duRoaC"
          width="345px"
        >
          Sign In
        </button>
      </a>
      <div
        class="login__SignUpContainer-sc-7sqdhs-4 jUQNdh"
      >
        <span>
          Not a member?
        </span>
        <div
          class="login__SignUpButton-sc-7sqdhs-5 bMcLOL"
        >
          <a
            href="/signup"
          >
            Sign up
          </a>
        </div>
      </div>
    </div>
  </div>
</DocumentFragment>
`;
