// Jest Snapshot v1, https://goo.gl/fbAQLP

exports[`Select render properly 1`] = `
<div>
  <div
    class="flex flex-col w-full py-2 px-0"
  >
    <label
      class="mb-2 font-medium app-greyish-brown"
    >
      Industry
    </label>
    <div
      class="relative inline-block"
      data-testid="select-container-test"
      role="button"
      tabindex="0"
    >
      <div
        class="app-form-select false"
      >
        <div
          class="py-4"
        >
          Select
        </div>
      </div>
      <div
        class="absolute top-4 right-2 cursor-pointer"
      >
        <svg
          height="30"
          version="1.1"
          viewBox="250 250 300 300"
          width="30"
          xmlns="http://www.w3.org/2000/svg"
        >
          <title />
          <g
            id="icomoon-ignore"
          />
          <path
            d="M311.166 359.1l65.155 65.155c4.246 4.247 11.12 4.247 15.355 0l65.156-65.156c4.247-4.246 4.247-11.12 0-15.355s-11.12-4.246-15.355 0l-57.479 57.478-57.478-57.478c-4.246-4.247-11.12-4.247-15.355 0s-4.246 11.12 0 15.355z"
            fill="#0c1a38"
          />
        </svg>
      </div>
      <ul
        class="app-form-select-list"
        data-testid="select-list-test"
        role="listbox"
        style="display: none;"
      >
        <li
          data-testid="selectList"
          id="Governmant"
          role="option"
        >
          Governmant
        </li>
        <li
          data-testid="selectList"
          id="Tech"
          role="option"
        >
          Tech
        </li>
        <li
          data-testid="selectList"
          id="Law"
          role="option"
        >
          Law
        </li>
      </ul>
    </div>
  </div>
</div>
`;
