// Jest Snapshot v1, https://goo.gl/fbAQLP

exports[`ShipmentCard Given status is (paid) render status of shipment 1`] = `
<div
  class="flex flex-row w-auto h-auto rounded"
  style="border-width: 0.7px; border-left-width: 5px; border-left-color: rgb(40, 118, 56);"
>
  <div
    class="flex items-start flex-row justify-between py-3 pr-16 pl-5 w-full"
  >
    <div
      class="flex flex-col items-start"
    >
      <p
        class="text-sm font-medium app-indigo mb-2"
        data-testid="shipmentId-test"
      >
        Shipment ID number #
        125
      </p>
      <p
        class="text-xs app-greyish-brown mb-4"
      >
        Total Capacity: 
        34
      </p>
      <p
        class="text-xs font-semibold py-2 px-3 rounded-2xl capitalize"
        data-testid="shipment-card-test"
        style="color: rgb(40, 118, 56); background-color: rgba(40, 118, 56, 0.1);"
      >
        paid
      </p>
    </div>
    <div>
      <div
        class="shipment-card-grid-1 mb-6"
      >
        <div
          class="flex flex-row items-center"
        >
          <svg
            height="7"
            viewBox="0 0 7 7"
            width="7"
            xmlns="http://www.w3.org/2000/svg"
          >
            <path
              d="M3.5 0C5.433 0 7 1.52 7 3.397c0 1.876-1.567 3.397-3.5 3.397S0 5.274 0 3.397C0 1.521 1.567 0 3.5 0zm0 1.941c-.828 0-1.5.652-1.5 1.456 0 .804.672 1.456 1.5 1.456S5 4.2 5 3.397c0-.804-.672-1.456-1.5-1.456z"
              fill="#0C1A38"
            />
          </svg>
          <p
            class="text-base font-medium app-indigo ml-2"
          >
            Origin
          </p>
        </div>
        <svg
          class="m-auto"
          data-testid="horizontal-line"
          height="2"
          viewBox="0 0 105 2"
          width="105"
          xmlns="http://www.w3.org/2000/svg"
        >
          <path
            d="M0 1h106"
            fill="none"
            fill-rule="evenodd"
            stroke="#0C1A38"
            stroke-dasharray="3 3 3 3"
            stroke-linecap="round"
          />
        </svg>
        <div
          class="flex flex-row items-center"
        >
          <svg
            height="15"
            viewBox="0 0 11 15"
            width="11"
            xmlns="http://www.w3.org/2000/svg"
          >
            <path
              d="M5.5.441C2.467.441 0 2.618 0 5.294c0 .803.228 1.6.66 2.306l4.54 7.244c.06.096.175.156.3.156s.24-.06.3-.156l4.541-7.246c.431-.704.659-1.5.659-2.304C11 2.618 8.533.441 5.5.441zm0 7.28c-1.516 0-2.75-1.089-2.75-2.427S3.984 2.868 5.5 2.868s2.75 1.088 2.75 2.426S7.016 7.721 5.5 7.721z"
              fill="#0C1A38"
            />
          </svg>
          <p
            class="text-base font-medium app-indigo ml-2"
          >
            Destination
          </p>
        </div>
      </div>
      <div
        class="shipment-card-grid-2 mb-2"
      >
        <p
          class="text-xs font-medium app-greyish-brown mb-2"
        >
          Leaving: July 25th
        </p>
        <p
          class="text-xs font-medium app-greyish-brown mb-2"
        >
          Estimated Arrival: 26th
        </p>
        <p
          class="text-xs font-semibold app-greyish-brown"
        >
          7am -6pm
        </p>
        <p
          class="text-xs font-semibold app-greyish-brown"
        >
          4pm to 8pm
        </p>
      </div>
    </div>
  </div>
</div>
`;
